{
   "data" : [
      {
         "violation_description" : "Food contact surface not properly washed, rinsed and sanitized after each use and following any activity when contamination may have occurred.",
         "score" : "10",
         "restaurant_name" : "DA TOMMASSO",
         "zipcode" : "10019",
         "restaurant_id" : "40389243",
         "grade" : "A",
         "inspection_date" : "01/08/2019",
         "cusine" : "Italian",
         "grade_date" : "01/08/2019",
         "borough" : "Manhattan",
         "violation_code" : "06D"
      },
      {
         "violation_code" : "10F",
         "grade_date" : "08/03/2018",
         "borough" : "Manhattan",
         "cusine" : "Pizza/Italian",
         "restaurant_id" : "41056355",
         "grade" : "A",
         "inspection_date" : "08/03/2018",
         "restaurant_name" : "NEW MILLENIUM PIZZERIA",
         "zipcode" : "10031",
         "score" : "13",
         "violation_description" : "Non-food contact surface improperly constructed. Unacceptable material used. Non-food contact surface or equipment improperly maintained and/or not properly sealed, raised, spaced or movable to allow accessibility for cleaning on all sides, above and underneath the unit."
      },
      {
         "violation_code" : "10E",
         "grade_date" : "",
         "borough" : "Brooklyn",
         "cusine" : "Italian",
         "restaurant_id" : "50088652",
         "grade" : "",
         "inspection_date" : "03/05/2019",
         "restaurant_name" : "THE OLIVE GARDEN ITALIAN RESTAURANT",
         "zipcode" : "11214",
         "violation_description" : "Accurate thermometer not provided in refrigerated or hot holding equipment.",
         "score" : "4"
      },
      {
         "zipcode" : "10019",
         "restaurant_name" : "Laboratorio",
         "score" : "40",
         "violation_description" : "Facility not vermin proof. Harborage or conditions conducive to attracting vermin to the premises and/or allowing vermin to exist.",
         "grade" : "",
         "inspection_date" : "04/17/2019",
         "restaurant_id" : "50069080",
         "borough" : "Manhattan",
         "grade_date" : "",
         "cusine" : "Italian",
         "violation_code" : "08A"
      },
      {
         "zipcode" : "10023",
         "restaurant_name" : "POLPETTE 71",
         "violation_description" : "Food not protected from potential source of contamination during storage, preparation, transportation, display or service.",
         "score" : "12",
         "inspection_date" : "05/30/2017",
         "grade" : "A",
         "restaurant_id" : "40698274",
         "borough" : "Manhattan",
         "grade_date" : "05/30/2017",
         "cusine" : "Italian",
         "violation_code" : "06C"
      }
   ]
}
