{
   "data" : [
      {
         "score" : "12",
         "violation_code" : "06C",
         "zipcode" : "11230",
         "violation_description" : "Food not protected from potential source of contamination during storage, preparation, transportation, display or service.",
         "grade" : "A",
         "borough" : "Brooklyn",
         "inspection_date" : "06/25/2019",
         "restaurant_name" : "UMAN PIZZA",
         "grade_date" : "06/25/2019",
         "cusine" : "Jewish/Kosher",
         "restaurant_id" : "50084942"
      },
      {
         "violation_code" : "10F",
         "score" : "30",
         "grade" : "",
         "zipcode" : "11217",
         "violation_description" : "Non-food contact surface improperly constructed. Unacceptable material used. Non-food contact surface or equipment improperly maintained and/or not properly sealed, raised, spaced or movable to allow accessibility for cleaning on all sides, above and underneath the unit.",
         "restaurant_name" : "PIZZA SECRET",
         "inspection_date" : "08/24/2019",
         "borough" : "Brooklyn",
         "restaurant_id" : "50079182",
         "cusine" : "Pizza",
         "grade_date" : ""
      },
      {
         "restaurant_name" : "ROSALIA PIZZA",
         "borough" : "Queens",
         "inspection_date" : "09/27/2017",
         "grade_date" : "",
         "restaurant_id" : "50062943",
         "cusine" : "Pizza",
         "score" : "2",
         "violation_code" : "10F",
         "violation_description" : "Non-food contact surface improperly constructed. Unacceptable material used. Non-food contact surface or equipment improperly maintained and/or not properly sealed, raised, spaced or movable to allow accessibility for cleaning on all sides, above and underneath the unit.",
         "zipcode" : "11375",
         "grade" : ""
      },
      {
         "zipcode" : "10467",
         "violation_description" : "Non-food contact surface improperly constructed. Unacceptable material used. Non-food contact surface or equipment improperly maintained and/or not properly sealed, raised, spaced or movable to allow accessibility for cleaning on all sides, above and underneath the unit.",
         "grade" : "A",
         "score" : "12",
         "violation_code" : "10F",
         "grade_date" : "04/25/2018",
         "cusine" : "Pizza",
         "restaurant_id" : "50004437",
         "borough" : "Bronx",
         "inspection_date" : "04/25/2018",
         "restaurant_name" : "18 EAST GUNHILL PIZZA"
      },
      {
         "score" : "12",
         "violation_code" : "06C",
         "violation_description" : "Food not protected from potential source of contamination during storage, preparation, transportation, display or service.",
         "zipcode" : "11367",
         "grade" : "A",
         "restaurant_name" : "GINO'S PIZZA",
         "inspection_date" : "11/21/2018",
         "borough" : "Queens",
         "grade_date" : "11/21/2018",
         "restaurant_id" : "40821884",
         "cusine" : "Pizza"
      },
      {
         "violation_code" : "04L",
         "score" : "19",
         "grade" : "",
         "violation_description" : "Evidence of mice or live mice present in facility's food and/or non-food areas.",
         "zipcode" : "11226",
         "borough" : "Brooklyn",
         "inspection_date" : "02/21/2018",
         "restaurant_name" : "MIKE'S PIZZA OF BROOKLYN",
         "cusine" : "Pizza",
         "restaurant_id" : "41608200",
         "grade_date" : ""
      },
      {
         "score" : "51",
         "violation_code" : "08A",
         "zipcode" : "11230",
         "violation_description" : "Facility not vermin proof. Harborage or conditions conducive to attracting vermin to the premises and/or allowing vermin to exist.",
         "grade" : "",
         "restaurant_name" : "JERUSALEM II PIZZA",
         "inspection_date" : "01/22/2019",
         "borough" : "Brooklyn",
         "grade_date" : "",
         "restaurant_id" : "40992205",
         "cusine" : "Jewish/Kosher"
      },
      {
         "violation_description" : "Mechanical or natural ventilation system not provided, improperly installed, in disrepair and/or fails to prevent excessive build-up of grease, heat, steam condensation vapors, odors, smoke, and fumes.",
         "zipcode" : "11218",
         "grade" : "C",
         "score" : "2",
         "violation_code" : "10D",
         "grade_date" : "05/29/2018",
         "restaurant_id" : "40401060",
         "cusine" : "Jewish/Kosher",
         "restaurant_name" : "NAIM KOSHER PIZZA",
         "borough" : "Brooklyn",
         "inspection_date" : "05/29/2018"
      },
      {
         "violation_description" : "",
         "zipcode" : "10472",
         "grade" : "",
         "score" : "",
         "violation_code" : "",
         "grade_date" : "",
         "restaurant_id" : "40372631",
         "cusine" : "Pizza",
         "restaurant_name" : "YANKEE JZ PIZZA",
         "inspection_date" : "04/25/2018",
         "borough" : "Bronx"
      },
      {
         "score" : "12",
         "violation_code" : "04L",
         "violation_description" : "Evidence of mice or live mice present in facility's food and/or non-food areas.",
         "zipcode" : "11210",
         "grade" : "A",
         "borough" : "Brooklyn",
         "inspection_date" : "07/11/2017",
         "restaurant_name" : "LELLO'S PIZZA",
         "grade_date" : "07/11/2017",
         "cusine" : "Pizza/Italian",
         "restaurant_id" : "41659545"
      }
   ]
}
