{
   "data" : [
      {
         "grade" : "A",
         "violation_code" : "08A",
         "borough" : "Manhattan",
         "restaurant_id" : "41106233",
         "inspection_date" : "02/28/2019",
         "cusine" : "Mexican",
         "grade_date" : "02/28/2019",
         "restaurant_name" : "ROSA MEXICANO",
         "score" : "13",
         "violation_description" : "Facility not vermin proof. Harborage or conditions conducive to attracting vermin to the premises and/or allowing vermin to exist.",
         "zipcode" : "10003"
      },
      {
         "score" : "2",
         "violation_description" : "Non-food contact surface improperly constructed. Unacceptable material used. Non-food contact surface or equipment improperly maintained and/or not properly sealed, raised, spaced or movable to allow accessibility for cleaning on all sides, above and underneath the unit.",
         "zipcode" : "10003",
         "grade" : "P",
         "violation_code" : "10F",
         "borough" : "Manhattan",
         "cusine" : "Mexican",
         "inspection_date" : "10/31/2017",
         "restaurant_id" : "50058073",
         "grade_date" : "10/31/2017",
         "restaurant_name" : "AL HORNO LEAN MEXICAN KITCHEN"
      },
      {
         "cusine" : "Mexican",
         "inspection_date" : "04/04/2017",
         "restaurant_id" : "40948723",
         "grade_date" : "",
         "restaurant_name" : "PAQUITO'S",
         "grade" : "",
         "violation_code" : "06C",
         "borough" : "Manhattan",
         "zipcode" : "10003",
         "score" : "19",
         "violation_description" : "Food not protected from potential source of contamination during storage, preparation, transportation, display or service."
      },
      {
         "restaurant_name" : "TAQUERIA DIANA",
         "restaurant_id" : "50002648",
         "cusine" : "Mexican",
         "inspection_date" : "10/30/2019",
         "grade_date" : "10/30/2019",
         "violation_code" : "06C",
         "borough" : "Manhattan",
         "grade" : "B",
         "zipcode" : "10003",
         "score" : "27",
         "violation_description" : "Food not protected from potential source of contamination during storage, preparation, transportation, display or service."
      },
      {
         "restaurant_name" : "ROSIE'S",
         "grade_date" : "02/21/2019",
         "cusine" : "Mexican",
         "inspection_date" : "02/21/2019",
         "restaurant_id" : "50018775",
         "violation_code" : "06D",
         "borough" : "Manhattan",
         "grade" : "A",
         "zipcode" : "10003",
         "violation_description" : "Food contact surface not properly washed, rinsed and sanitized after each use and following any activity when contamination may have occurred.",
         "score" : "11"
      },
      {
         "restaurant_name" : "DOS TOROS TAQUERIA",
         "grade_date" : "05/24/2018",
         "inspection_date" : "05/24/2018",
         "cusine" : "Mexican",
         "restaurant_id" : "41445110",
         "borough" : "Manhattan",
         "violation_code" : "10F",
         "grade" : "A",
         "zipcode" : "10003",
         "violation_description" : "Non-food contact surface improperly constructed. Unacceptable material used. Non-food contact surface or equipment improperly maintained and/or not properly sealed, raised, spaced or movable to allow accessibility for cleaning on all sides, above and underneath the unit.",
         "score" : "6"
      },
      {
         "zipcode" : "10003",
         "score" : "19",
         "violation_description" : "Food not protected from potential source of contamination during storage, preparation, transportation, display or service.",
         "restaurant_name" : "OTTO'S TACOS",
         "restaurant_id" : "50002052",
         "cusine" : "Mexican",
         "inspection_date" : "11/25/2019",
         "grade_date" : "",
         "borough" : "Manhattan",
         "violation_code" : "06C",
         "grade" : ""
      },
      {
         "zipcode" : "10003",
         "score" : "25",
         "violation_description" : "Cold food item held above 41º F (smoked fish and reduced oxygen packaged foods above 38 ºF) except during necessary preparation.",
         "restaurant_name" : "HOTEL TORTUGA",
         "cusine" : "Mexican",
         "inspection_date" : "09/12/2019",
         "restaurant_id" : "50077185",
         "grade_date" : "",
         "violation_code" : "02G",
         "borough" : "Manhattan",
         "grade" : ""
      },
      {
         "restaurant_name" : "EL CACTO",
         "grade_date" : "",
         "inspection_date" : "05/15/2017",
         "cusine" : "Mexican",
         "restaurant_id" : "41543275",
         "violation_code" : "",
         "borough" : "Manhattan",
         "grade" : "",
         "zipcode" : "10003",
         "violation_description" : "",
         "score" : "0"
      },
      {
         "grade" : "A",
         "borough" : "Manhattan",
         "violation_code" : "10F",
         "cusine" : "Mexican",
         "inspection_date" : "08/23/2019",
         "restaurant_id" : "50058907",
         "grade_date" : "08/23/2019",
         "restaurant_name" : "HAPPY BURRITO",
         "score" : "7",
         "violation_description" : "Non-food contact surface improperly constructed. Unacceptable material used. Non-food contact surface or equipment improperly maintained and/or not properly sealed, raised, spaced or movable to allow accessibility for cleaning on all sides, above and underneath the unit.",
         "zipcode" : "10003"
      }
   ]
}
