{
   "data" : [
      {
         "borough" : "Manhattan",
         "zipcode" : "10031",
         "restaurant_name" : "NEW MILLENIUM PIZZERIA",
         "score" : "13",
         "inspection_date" : "08/03/2018",
         "grade_date" : "08/03/2018",
         "violation_description" : "Non-food contact surface improperly constructed. Unacceptable material used. Non-food contact surface or equipment improperly maintained and/or not properly sealed, raised, spaced or movable to allow accessibility for cleaning on all sides, above and underneath the unit.",
         "cusine" : "Pizza/Italian",
         "restaurant_id" : "41056355",
         "violation_code" : "10F",
         "grade" : "A"
      },
      {
         "restaurant_name" : "WHOLESOME GARDEN PIZZA",
         "borough" : "Manhattan",
         "zipcode" : "10031",
         "inspection_date" : "02/15/2018",
         "violation_description" : "Food not protected from potential source of contamination during storage, preparation, transportation, display or service.",
         "grade_date" : "02/15/2018",
         "score" : "12",
         "cusine" : "Pizza",
         "restaurant_id" : "50033742",
         "violation_code" : "06C",
         "grade" : "A"
      },
      {
         "zipcode" : "10031",
         "borough" : "Manhattan",
         "restaurant_name" : "TAQUERIA SAN PEDRO",
         "score" : "39",
         "violation_description" : "Cold food item held above 41º F (smoked fish and reduced oxygen packaged foods above 38 ºF) except during necessary preparation.",
         "grade_date" : "",
         "inspection_date" : "07/15/2019",
         "cusine" : "Mexican",
         "restaurant_id" : "41163307",
         "grade" : "",
         "violation_code" : "02G"
      },
      {
         "cusine" : "Donuts",
         "restaurant_id" : "50056398",
         "grade" : "A",
         "violation_code" : "02G",
         "restaurant_name" : "DUNKIN DONUTS BASKIN ROBBINS",
         "zipcode" : "10031",
         "borough" : "Manhattan",
         "violation_description" : "Cold food item held above 41º F (smoked fish and reduced oxygen packaged foods above 38 ºF) except during necessary preparation.",
         "grade_date" : "09/27/2018",
         "inspection_date" : "09/27/2018",
         "score" : "12"
      },
      {
         "cusine" : "Café/Coffee/Tea",
         "restaurant_id" : "41661367",
         "grade" : "A",
         "violation_code" : "08A",
         "restaurant_name" : "THE CHIPPED CUP",
         "zipcode" : "10031",
         "borough" : "Manhattan",
         "violation_description" : "Facility not vermin proof. Harborage or conditions conducive to attracting vermin to the premises and/or allowing vermin to exist.",
         "grade_date" : "08/21/2017",
         "inspection_date" : "08/21/2017",
         "score" : "10"
      },
      {
         "cusine" : "Latin (Cuban, Dominican, Puerto Rican, South & Central American)",
         "restaurant_id" : "41241694",
         "violation_code" : "10F",
         "grade" : "B",
         "restaurant_name" : "EL NUEVO AMANECER RESTAURANT",
         "borough" : "Manhattan",
         "zipcode" : "10031",
         "inspection_date" : "02/24/2020",
         "grade_date" : "02/24/2020",
         "violation_description" : "Non-food contact surface improperly constructed. Unacceptable material used. Non-food contact surface or equipment improperly maintained and/or not properly sealed, raised, spaced or movable to allow accessibility for cleaning on all sides, above and underneath the unit.",
         "score" : "20"
      },
      {
         "score" : "13",
         "grade_date" : "11/19/2019",
         "violation_description" : "Facility not vermin proof. Harborage or conditions conducive to attracting vermin to the premises and/or allowing vermin to exist.",
         "inspection_date" : "11/19/2019",
         "zipcode" : "10031",
         "borough" : "Manhattan",
         "restaurant_name" : "GRILL ON THE HILL",
         "grade" : "A",
         "violation_code" : "08A",
         "cusine" : "American",
         "restaurant_id" : "50094838"
      },
      {
         "violation_code" : "04N",
         "grade" : "",
         "cusine" : "Bakery",
         "restaurant_id" : "41430594",
         "inspection_date" : "07/14/2016",
         "violation_description" : "Filth flies or food/refuse/sewage-associated (FRSA) flies present in facility’s food and/or non-food areas. Filth flies include house flies, little house flies, blow flies, bottle flies and flesh flies. Food/refuse/sewage-associated flies include fruit flies, drain flies and Phorid flies.",
         "grade_date" : "",
         "score" : "30",
         "restaurant_name" : "1 STOP PATTY SHOP",
         "borough" : "Manhattan",
         "zipcode" : "10031"
      },
      {
         "grade" : "",
         "violation_code" : "04N",
         "cusine" : "Italian",
         "restaurant_id" : "50011944",
         "score" : "34",
         "violation_description" : "Filth flies or food/refuse/sewage-associated (FRSA) flies present in facility’s food and/or non-food areas. Filth flies include house flies, little house flies, blow flies, bottle flies and flesh flies. Food/refuse/sewage-associated flies include fruit flies, drain flies and Phorid flies.",
         "grade_date" : "",
         "inspection_date" : "06/11/2018",
         "zipcode" : "10031",
         "borough" : "Manhattan",
         "restaurant_name" : "ANCHOR WINEBAR"
      },
      {
         "restaurant_name" : "SUBWAY",
         "borough" : "Manhattan",
         "zipcode" : "10031",
         "inspection_date" : "02/12/2018",
         "grade_date" : "02/12/2018",
         "violation_description" : "Food contact surface not properly washed, rinsed and sanitized after each use and following any activity when contamination may have occurred.",
         "score" : "8",
         "restaurant_id" : "50048555",
         "cusine" : "Sandwiches",
         "violation_code" : "06D",
         "grade" : "P"
      }
   ]
}
